// Jest Snapshot v1, https://goo.gl/fbAQLP

exports[`GridWrapper Component matches snapshot 1`] = `
<DocumentFragment>
  <div
    class="grid__wrapper"
    data-testid="grid-wrapper"
  >
    <div
      class="grid"
    >
      <div
        class="card__container"
      >
        <div
          class="card__image-container"
        >
          <img
            alt="Product 1"
            class="card__image"
            src="image-1.jpg"
          />
        </div>
        <div
          class="card__info-container"
        >
          <p
            class="card__info-description"
          >
            Description 1
          </p>
          <p
            class="card__info-cost"
          >
            $100.00
          </p>
          <p
            class="card__info-discount"
          >
            $80.00
          </p>
        </div>
      </div>
      <div
        class="card__container"
      >
        <div
          class="card__image-container"
        >
          <img
            alt="Product 2"
            class="card__image"
            src="image-2.jpg"
          />
        </div>
        <div
          class="card__info-container"
        >
          <p
            class="card__info-description"
          >
            Description 2
          </p>
          <p
            class="card__info-cost"
          >
            $200.00
          </p>
          <p
            class="card__info-discount"
          >
            $160.00
          </p>
        </div>
      </div>
      <div
        class="card__container"
      >
        <div
          class="card__image-container"
        >
          <img
            alt="Product 3"
            class="card__image"
            src="image-3.jpg"
          />
        </div>
        <div
          class="card__info-container"
        >
          <p
            class="card__info-description"
          >
            Description 3
          </p>
          <p
            class="card__info-cost"
          >
            $300.00
          </p>
          <p
            class="card__info-discount"
          >
            $240.00
          </p>
        </div>
      </div>
      <div
        class="card__container"
      >
        <div
          class="card__image-container"
        >
          <img
            alt="Product 4"
            class="card__image"
            src="image-4.jpg"
          />
        </div>
        <div
          class="card__info-container"
        >
          <p
            class="card__info-description"
          >
            Description 4
          </p>
          <p
            class="card__info-cost"
          >
            $400.00
          </p>
          <p
            class="card__info-discount"
          >
            $320.00
          </p>
        </div>
      </div>
      <div
        class="card__container"
      >
        <div
          class="card__image-container"
        >
          <img
            alt="Product 5"
            class="card__image"
            src="image-5.jpg"
          />
        </div>
        <div
          class="card__info-container"
        >
          <p
            class="card__info-description"
          >
            Description 5
          </p>
          <p
            class="card__info-cost"
          >
            $500.00
          </p>
          <p
            class="card__info-discount"
          >
            $400.00
          </p>
        </div>
      </div>
      <div
        class="card__container"
      >
        <div
          class="card__image-container"
        >
          <img
            alt="Product 6"
            class="card__image"
            src="image-6.jpg"
          />
        </div>
        <div
          class="card__info-container"
        >
          <p
            class="card__info-description"
          >
            Description 6
          </p>
          <p
            class="card__info-cost"
          >
            $600.00
          </p>
          <p
            class="card__info-discount"
          >
            $480.00
          </p>
        </div>
      </div>
      <div
        class="card__container"
      >
        <div
          class="card__image-container"
        >
          <img
            alt="Product 7"
            class="card__image"
            src="image-7.jpg"
          />
        </div>
        <div
          class="card__info-container"
        >
          <p
            class="card__info-description"
          >
            Description 7
          </p>
          <p
            class="card__info-cost"
          >
            $700.00
          </p>
          <p
            class="card__info-discount"
          >
            $560.00
          </p>
        </div>
      </div>
      <div
        class="card__container"
      >
        <div
          class="card__image-container"
        >
          <img
            alt="Product 8"
            class="card__image"
            src="image-8.jpg"
          />
        </div>
        <div
          class="card__info-container"
        >
          <p
            class="card__info-description"
          >
            Description 8
          </p>
          <p
            class="card__info-cost"
          >
            $800.00
          </p>
          <p
            class="card__info-discount"
          >
            $640.00
          </p>
        </div>
      </div>
    </div>
  </div>
  <div
    class="grid__scroll-trigger"
  />
</DocumentFragment>
`;
